// Jest Snapshot v1, https://goo.gl/fbAQLP

exports[`renders correctly 1`] = `
<Component
  style={
    Object {
      "alignItems": "stretch",
      "backgroundColor": "white",
      "flex": 1,
    }
  }
>
  <TextInput
    allowFontScaling={true}
    onChangeText={[Function]}
    placeholder="Name"
    style={
      Object {
        "borderColor": "gray",
        "borderRadius": 5,
        "borderWidth": 1,
        "height": 40,
        "margin": 20,
        "padding": 5,
      }
    }
    value=""
  />
  <TextInput
    allowFontScaling={true}
    keyboardType="numeric"
    onChangeText={[Function]}
    placeholder="Phone"
    style={
      Object {
        "borderColor": "gray",
        "borderRadius": 5,
        "borderWidth": 1,
        "height": 40,
        "margin": 20,
        "padding": 5,
      }
    }
    value=""
  />
  <Button
    color="green"
    onPress={[Function]}
    title="Add"
    value=""
  />
</Component>
`;
