// Jest Snapshot v1, https://goo.gl/fbAQLP

exports[`renders correctly 1`] = `
<Component
  style={
    Object {
      "backgroundColor": "white",
      "height": "100%",
    }
  }
>
  <ScrollViewMock
    keyboardDismissMode="on-drag"
    keyboardShouldPersistTaps="always"
  >
    <SortedList
      onDeleteTask={[Function]}
      onEditFinish={[Function]}
      onEditStart={[Function]}
      onTextEdit={[Function]}
      selected={null}
      tasks={Array []}
      toggleComplete={[Function]}
    />
  </ScrollViewMock>
  <KeyboardAvoidingView
    behavior="padding"
    enabled={true}
    keyboardVerticalOffset={NaN}
  >
    <CustomProgressBar
      numCompleted={0}
      numUncompleted={0}
      progress={NaN}
    />
    <Component
      style={
        Object {
          "alignItems": "center",
          "justifyContent": "center",
        }
      }
    >
      <Icon
        allowFontScaling={false}
        color="#10ad0d"
        name="ios-add-circle"
        onPress={[Function]}
        size={50}
      />
    </Component>
  </KeyboardAvoidingView>
</Component>
`;
